<html>
<body>
<pre>
<h1>µVision Build Log</h1>
<h2>Tool Versions:</h2>
IDE-Version: ¦ÌVision V5.33.0.0
Copyright (C) 2020 ARM Ltd and ARM Germany GmbH. All rights reserved.
License Information: 1 1, 1, LIC=RC93N-YSP60-X7WRZ-JV9HP-MA3NK-4WDBN
 
Tool Versions:
Toolchain:       MDK-ARM Plus  Version: 5.33.0.0
Toolchain Path:  C:\KEIL\KEIL ARM\ARM\ARMCC\Bin
C Compiler:      Armcc.exe V5.06 update 7 (build 960)
Assembler:       Armasm.exe V5.06 update 7 (build 960)
Linker/Locator:  ArmLink.exe V5.06 update 7 (build 960)
Library Manager: ArmAr.exe V5.06 update 7 (build 960)
Hex Converter:   FromElf.exe V5.06 update 7 (build 960)
CPU DLL:         SARMCM3.DLL V5.33.0.0
Dialog DLL:      DCM.DLL V1.17.3.0
Target DLL:      STLink\ST-LINKIII-KEIL_SWO.dll V3.0.8.0
Dialog DLL:      TCM.DLL V1.48.0.0
 
<h2>Project:</h2>
E:\Project\1.Graduate\programmer-power-supply\3.Software\F1_PowerSupply\MDK-ARM\F1_PowerSupply.uvprojx
Project File Date:  04/27/2021

<h2>Output:</h2>
*** Using Compiler 'V5.06 update 7 (build 960)', folder: 'C:\KEIL\KEIL ARM\ARM\ARMCC\Bin'
Build target 'F1_PowerSupply'
compiling main.c...
../Src/main.c(166): warning:  #225-D: the format string ends before this argument
        printf("SC8813 Set OK\r\n",VAL);
../Src/main.c(222): warning:  #940-D: missing return statement at end of non-void function "fputc" 
  }
../Src/main.c: 2 warnings, 0 errors
linking...
Program Size: Code=28092 RO-data=12768 RW-data=112 ZI-data=3888  
FromELF: creating hex file...
"F1_PowerSupply\F1_PowerSupply.axf" - 0 Error(s), 2 Warning(s).

<h2>Software Packages used:</h2>

Package Vendor: ARM
                http://www.keil.com/pack/ARM.CMSIS.5.7.0.pack
                ARM.CMSIS.5.7.0
                CMSIS (Cortex Microcontroller Software Interface Standard)
   * Component: CORE Version: 5.4.0

Package Vendor: Keil
                http://www.keil.com/pack/Keil.STM32F1xx_DFP.1.0.5.pack
                Keil.STM32F1xx_DFP.1.0.5
                STMicroelectronics STM32F1 Series Device Support, Drivers and Examples

<h2>Collection of Component include folders:</h2>
  .\RTE\_F1_PowerSupply
  C:\KEIL\KEIL ARM\ARM\PACK\ARM\CMSIS\5.7.0\CMSIS\Core\Include
  C:\KEIL\KEIL ARM\ARM\PACK\Keil\STM32F1xx_DFP\1.0.5\Device\Include

<h2>Collection of Component Files used:</h2>

   * Component: ARM::CMSIS:CORE:5.4.0
Build Time Elapsed:  00:00:03
</pre>
</body>
</html>
